2026-08-13 06:05:03 pid:2359576 Workerman[server.php] start in DEBUG mode
2026-08-13 07:00:37 pid:2359576 Workerman[server.php] received signal SIGTERM
2026-08-13 07:00:37 pid:2359576 Workerman[server.php] stopping
2026-08-13 07:00:39 pid:2359576 worker[mail-idle:2359587] exit with status 9
2026-08-13 07:00:39 pid:2359576 worker[mail-idle:2359588] exit with status 9
2026-08-13 07:00:39 pid:2359576 Workerman[server.php] has been stopped
2026-08-13 07:00:39 pid:2469988 Workerman[server.php] start in DEBUG mode
2026-08-13 07:04:39 pid:2469988 Workerman[server.php] received signal SIGTERM
2026-08-13 07:04:39 pid:2469988 Workerman[server.php] stopping
2026-08-13 07:04:39 pid:2469988 worker[ChannelServer:2469990] exit with status 13
2026-08-13 07:04:41 pid:2469988 worker[mail-idle:2469993] exit with status 9
2026-08-13 07:04:41 pid:2469988 Workerman[server.php] has been stopped
2026-08-13 07:04:41 pid:2476151 Workerman[server.php] start in DEBUG mode
2026-08-13 07:18:57 pid:2476151 Workerman[server.php] reloading
2026-08-13 07:19:15 pid:2476151 Workerman[server.php] received signal SIGTERM
2026-08-13 07:19:15 pid:2476151 Workerman[server.php] stopping
2026-08-13 07:19:16 pid:2476151 worker[mail-ws:2476155] exit with status 13
2026-08-13 07:19:16 pid:2476151 worker[ChannelServer:2476154] exit with status 13
2026-08-13 07:19:17 pid:2476151 worker[mail-idle:2476157] exit with status 9
2026-08-13 07:19:17 pid:2476151 Workerman[server.php] has been stopped
2026-08-13 07:19:22 pid:2498504 Workerman[server.php] start in DEBUG mode
